// Jest Snapshot v1, https://goo.gl/fbAQLP

exports[`<Create /> with no props should match the snapshot 1`] = `"<div><form class=\\"ui form create-form\\"><div class=\\"field\\"><label>First Name</label><input type=\\"text\\" placeholder=\\"First Name\\" data-testid=\\"firstName\\"/></div><div class=\\"field\\"><label>Last Name</label><input type=\\"text\\" placeholder=\\"Last Name\\" data-testid=\\"lastName\\"/></div><div class=\\"field\\"><div data-testid=\\"terms\\" class=\\"ui checkbox\\"><input class=\\"hidden\\" readonly=\\"\\" tabindex=\\"0\\" type=\\"checkbox\\"/><label>I agree to the Terms and Conditions</label></div></div><button data-testid=\\"submit\\" class=\\"ui button\\" type=\\"submit\\">Submit</button></form></div>"`;
