// Jest Snapshot v1, https://goo.gl/fbAQLP

exports[`<Create /> with no props should match the snapshot 1`] = `"<div><form class=\\"ui form create-form\\"><div class=\\"field\\"><label>Phone Number</label><input type=\\"text\\" placeholder=\\"First Name\\" data-testid=\\"phoneNumber\\"/></div><div class=\\"field\\"><label>First Name</label><input type=\\"text\\" placeholder=\\"First Name\\" data-testid=\\"firstName\\"/></div><div class=\\"field\\"><label>Last Name</label><input type=\\"text\\" placeholder=\\"Last Name\\" data-testid=\\"lastName\\"/></div><button data-testid=\\"submit\\" class=\\"ui button\\" type=\\"submit\\">Submit</button></form></div>"`;
